2025-05-28 17:39:53,443 [INFO    ] [root                :  46] Logowanie do pliku skonfigurowane: D:\Projekt\Downloadery\WaifuDownloaderGemini\script.log
2025-05-28 17:39:53,443 [INFO    ] [root                :  51] Poprawnie zainicjowano system logowania.
2025-05-28 17:39:53,443 [INFO    ] [__main__            :  72] Ustawiam obsługę sygnałów (SIGINT, SIGTERM)...
2025-05-28 17:39:53,445 [INFO    ] [config_handler      :  78] Wykryto zmianę w config.json lub wymuszono przeładowanie. Przeładowuję... (force=True, changed=False)
2025-05-28 17:39:53,545 [INFO    ] [config_handler      : 105] Konfiguracja załadowana/zaktualizowana. (mtime: 1748417020.2448)
2025-05-28 17:39:53,545 [DEBUG   ] [db_manager          :  45] Pula połączeń już istnieje.
2025-05-28 17:39:53,553 [DEBUG   ] [db_manager          :  45] Pula połączeń już istnieje.
2025-05-28 17:39:53,553 [DEBUG   ] [db_manager          :  79] Pobrano połączenie 4139 z puli.
2025-05-28 17:39:53,555 [DEBUG   ] [db_manager          :  96] Zapytanie wykonane z COMMIT. Rows affected: 2
2025-05-28 17:39:53,555 [DEBUG   ] [db_manager          : 120] Zwrócono połączenie do puli.
2025-05-28 17:39:53,555 [DEBUG   ] [reporting           :  27] Zaktualizowano current_status w DB: Skrypt uruchomiony, inicjalizacja DB...
2025-05-28 17:39:53,555 [DEBUG   ] [db_manager          :  79] Pobrano połączenie 4140 z puli.
2025-05-28 17:39:53,555 [DEBUG   ] [db_manager          : 100] Zapytanie wykonane (fetch_one). Zwrócono: Dane
2025-05-28 17:39:53,555 [DEBUG   ] [db_manager          : 120] Zwrócono połączenie do puli.
2025-05-28 17:39:53,555 [INFO    ] [__main__            : 142] Wykryto operację ('process_models') do wznowienia. Kontynuuję automatycznie.
2025-05-28 17:39:53,555 [INFO    ] [__main__            : 157] Wznawiam operację: process_models z parametrami: {'start_model_index': 1, 'check_mode': 'all_or_incomplete'}
2025-05-28 17:39:53,557 [DEBUG   ] [config_handler      : 107] Konfiguracja nie wymaga przeładowania.
2025-05-28 17:39:53,557 [DEBUG   ] [__main__            : 164] ML: Sprawdzam kolejkę priorytetową (DB)...
2025-05-28 17:39:53,557 [DEBUG   ] [db_manager          :  79] Pobrano połączenie 4141 z puli.
2025-05-28 17:39:53,557 [DEBUG   ] [db_manager          : 104] Zapytanie wykonane (fetch_all). Zwrócono: 0 wierszy.
2025-05-28 17:39:53,557 [DEBUG   ] [db_manager          : 120] Zwrócono połączenie do puli.
2025-05-28 17:39:53,557 [INFO    ] [__main__            : 191] ML: Uruchamiam operację 'process_models' param: {'start_model_index': 1, 'check_mode': 'all_or_incomplete'}
2025-05-28 17:39:53,557 [DEBUG   ] [data_manager        :  84] Odczytywanie listy modelek z bazy danych...
2025-05-28 17:39:53,557 [DEBUG   ] [db_manager          :  79] Pobrano połączenie 4142 z puli.
2025-05-28 17:39:53,559 [DEBUG   ] [db_manager          : 104] Zapytanie wykonane (fetch_all). Zwrócono: 98 wierszy.
2025-05-28 17:39:53,559 [DEBUG   ] [db_manager          : 120] Zwrócono połączenie do puli.
2025-05-28 17:39:53,559 [INFO    ] [data_manager        :  89] Pobrano 98 modelek z bazy danych.
2025-05-28 17:39:53,560 [DEBUG   ] [config_handler      : 107] Konfiguracja nie wymaga przeładowania.
2025-05-28 17:39:53,560 [INFO    ] [processing          : 391] Start HPM. Tryb: all_or_incomplete. Start: 1. Próg VPN: 31.
2025-05-28 17:39:53,560 [INFO    ] [driver_utils        :  94] Próba uruchomienia przeglądarki (1/3)...
2025-05-28 17:39:53,560 [DEBUG   ] [driver_utils        :  47] Rozpoczynam tworzenie instancji drivera w wątku (AdBlock: D:\Projekt\Downloadery\WaifuDownloaderGemini\uBlock0.chromium.ext.crx)
2025-05-28 17:39:53,562 [INFO    ] [driver_utils        :  63] Dodano opcje Chrome: --disable-background-*, --disable-features=VisibilityAwarePageOcclusion itp.
2025-05-28 17:39:53,562 [WARNING ] [driver_utils        :  70] Nie znaleziono rozszerzenia AdBlock w: D:\Projekt\Downloadery\WaifuDownloaderGemini\uBlock0.chromium.ext.crx
2025-05-28 17:39:53,562 [INFO    ] [driver_utils        :  72] Uruchamiam uc.Chrome()...
2025-05-28 17:39:56,538 [INFO    ] [driver_utils        :  74] Instancja uc.Chrome() uruchomiona. Sprawdzam responsywność...
2025-05-28 17:39:56,544 [INFO    ] [driver_utils        :  76] Przeglądarka responsywna.
2025-05-28 17:39:56,545 [DEBUG   ] [driver_utils        :  82] AdBlock niezaładowany, krótka pauza (2s).
2025-05-28 17:39:58,546 [INFO    ] [driver_utils        :  85] Przeglądarka gotowa.
2025-05-28 17:39:58,546 [INFO    ] [driver_utils        : 126] Przeglądarka uruchomiona pomyślnie!
2025-05-28 17:39:58,546 [INFO    ] [services            : 146] Rozpoczynam ładowanie modelu AI: google/flan-t5-large...
2025-05-28 17:39:59,038 [INFO    ] [services            : 150] AI będzie używać urządzenia: cuda
2025-05-28 17:40:01,744 [INFO    ] [services            : 154] Model AI załadowany pomyślnie.
2025-05-28 17:40:01,744 [DEBUG   ] [config_handler      : 107] Konfiguracja nie wymaga przeładowania.
2025-05-28 17:40:01,744 [DEBUG   ] [db_manager          :  79] Pobrano połączenie 4138 z puli.
2025-05-28 17:40:01,744 [DEBUG   ] [db_manager          : 104] Zapytanie wykonane (fetch_all). Zwrócono: 0 wierszy.
2025-05-28 17:40:01,746 [DEBUG   ] [db_manager          : 120] Zwrócono połączenie do puli.
2025-05-28 17:40:01,746 [DEBUG   ] [db_manager          :  79] Pobrano połączenie 4139 z puli.
2025-05-28 17:40:01,747 [DEBUG   ] [db_manager          : 100] Zapytanie wykonane (fetch_one). Zwrócono: Dane
2025-05-28 17:40:01,747 [DEBUG   ] [db_manager          : 120] Zwrócono połączenie do puli.
2025-05-28 17:40:01,747 [DEBUG   ] [db_manager          :  79] Pobrano połączenie 4140 z puli.
2025-05-28 17:40:01,749 [DEBUG   ] [db_manager          :  96] Zapytanie wykonane z COMMIT. Rows affected: 2
2025-05-28 17:40:01,749 [DEBUG   ] [db_manager          : 120] Zwrócono połączenie do puli.
2025-05-28 17:40:01,749 [DEBUG   ] [reporting           :  27] Zaktualizowano current_status w DB: Model (all_or_incomplete)
2025-05-28 17:40:01,749 [INFO    ] [processing          : 425] === MODEL: Alex-Zedra (2/98) ===
2025-05-28 17:40:01,757 [DEBUG   ] [db_manager          :  79] Pobrano połączenie 4141 z puli.
2025-05-28 17:40:01,757 [DEBUG   ] [db_manager          : 100] Zapytanie wykonane (fetch_one). Zwrócono: Dane
2025-05-28 17:40:01,757 [DEBUG   ] [db_manager          : 120] Zwrócono połączenie do puli.
2025-05-28 17:40:01,757 [DEBUG   ] [db_manager          :  79] Pobrano połączenie 4142 z puli.
2025-05-28 17:40:01,759 [DEBUG   ] [db_manager          : 104] Zapytanie wykonane (fetch_all). Zwrócono: 11 wierszy.
2025-05-28 17:40:01,759 [DEBUG   ] [db_manager          : 120] Zwrócono połączenie do puli.
2025-05-28 17:40:01,759 [INFO    ] [processing          : 444] HPM: Nieukończone z profilu Alex-Zedra.
2025-05-28 17:40:01,759 [INFO    ] [processing          : 448] Znaleziono 11 nieukończonych.
2025-05-28 17:40:01,759 [INFO    ] [processing          : 451] HPM: Przetwarzam 11 galerii dla Alex-Zedra...
2025-05-28 17:40:01,759 [DEBUG   ] [db_manager          :  79] Pobrano połączenie 4138 z puli.
2025-05-28 17:40:01,759 [DEBUG   ] [db_manager          : 104] Zapytanie wykonane (fetch_all). Zwrócono: 0 wierszy.
2025-05-28 17:40:01,761 [DEBUG   ] [db_manager          : 120] Zwrócono połączenie do puli.
2025-05-28 17:40:01,761 [DEBUG   ] [config_handler      : 107] Konfiguracja nie wymaga przeładowania.
2025-05-28 17:40:01,761 [DEBUG   ] [db_manager          :  79] Pobrano połączenie 4139 z puli.
2025-05-28 17:40:01,761 [DEBUG   ] [db_manager          : 100] Zapytanie wykonane (fetch_one). Zwrócono: Dane
2025-05-28 17:40:01,761 [DEBUG   ] [db_manager          : 120] Zwrócono połączenie do puli.
2025-05-28 17:40:01,761 [DEBUG   ] [db_manager          :  79] Pobrano połączenie 4140 z puli.
2025-05-28 17:40:01,761 [DEBUG   ] [db_manager          : 100] Zapytanie wykonane (fetch_one). Zwrócono: Dane
2025-05-28 17:40:01,763 [DEBUG   ] [db_manager          : 120] Zwrócono połączenie do puli.
2025-05-28 17:40:01,763 [DEBUG   ] [processing          : 144] PSG: ID: 2577 ('Alex Zedra'), Oczekiwane (scan/q): 64, Pobrane (DB): 0
2025-05-28 17:40:01,763 [DEBUG   ] [db_manager          :  79] Pobrano połączenie 4141 z puli.
2025-05-28 17:40:01,765 [DEBUG   ] [db_manager          :  96] Zapytanie wykonane z COMMIT. Rows affected: 2
2025-05-28 17:40:01,765 [DEBUG   ] [db_manager          : 120] Zwrócono połączenie do puli.
2025-05-28 17:40:01,765 [DEBUG   ] [reporting           :  27] Zaktualizowano current_status w DB: Przygotowanie galerii...
2025-05-28 17:40:01,765 [INFO    ] [driver_utils        : 205] Przechodzę do: https://waifubitches.com/gallery/2577
2025-05-28 17:40:02,808 [DEBUG   ] [driver_utils        : 209] Pauza po driver.get: 4.10s
